{"logTime": "0622/095913", "correlationVector":"URt5g7xY73bQ/zZc8S68QH.1","action":"SyncServerConnectionManagerRequest", "result":"SYNC_SERVER_OK", "context":{"environment":"Prod_westeurope_prod-s01-079-eur-westeurope", "migrationStage":"NotStarted", "server":"akswtt00200000o"}}
{"logTime": "0622/095914", "correlationVector":"URt5g7xY73bQ/zZc8S68QH.2","action":"AAD.Mip.Unpack", "result":"Success", "context":MIP_CLOUD_COMMERCIAL:Success}
{"logTime": "0622/095914", "correlationVector":"URt5g7xY73bQ/zZc8S68QH.3","action":"EncryptionKeysManager::SetEncryptionKeys:", "result":"Success", "context":Key names[1]:[2w3pqzrOot9ZnjUJVuORH0d69S3Tsvx7MFHqkrfZ3L/GIepfZmOfpzVEUbnq11hkd5Sv57omvoRey3hfMy98tQ==]}
{"logTime": "0622/095914", "correlationVector":"URt5g7xY73bQ/zZc8S68QH.4","action":"AAD.GetKeyResponse", "result":"Success", "context":Keys=1.LastKeyStatus=Active. 2026-06-15 11:36:25 Z.State=None. Tags: Current_encryption_keys_tag = HO+/vUhc77+9ZHho77+977+977+9Mn3jv4Xvv71+Ghzrk5Hvv73vv73vv73vv71z77+9be+/ve+/vQ==, Updated_current_encryption_keys_tag = Empty. Emails: ["m486@elearning.uiemali.ac"]}
{"logTime": "0622/095914", "correlationVector":"URt5g7xY73bQ/zZc8S68QH.5","action":"ProcessGetUpdates", "result":"Done", "context":{"dataType":"Encryption Keys", "deleted":"0", "process_failed_to_decrypt":"0", "process_pending_decryption":"0", "process_success":"1", "total":"1"}}
{"logTime": "0622/095914", "correlationVector":"URt5g7xY73bQ/zZc8S68QH","action":"Initial GetUpdates", "result":"", "context":Reason: NEW_CLIENT. cV=URt5g7xY73bQ/zZc8S68QH}
{"logTime": "0622/095914", "correlationVector":"URt5g7xY73bQ/zZc8S68QH.6","action":"GetUpdates Response", "result":"Success", "context":Received 1 update(s). cV=URt5g7xY73bQ/zZc8S68QH.0;server=akswtt00200000o;cloudType=Multitenant;environment=Prod_westeurope_prod-s01-079-eur-westeurope;migrationStage=NotStarted}
{"logTime": "0622/095914", "correlationVector":"8wggvbgdErwJ2ojKX0UjE+","action":"Initial GetUpdates", "result":"", "context":Reason: NEW_CLIENT. cV=8wggvbgdErwJ2ojKX0UjE+}
{"logTime": "0622/095914", "correlationVector":"8wggvbgdErwJ2ojKX0UjE+.1","action":"SyncServerConnectionManagerRequest", "result":"SYNC_SERVER_OK", "context":{"environment":"Prod_germanywestcentral_prod-s01-011-eur-germanywestcentral", "migrationStage":"NotStarted", "server":"akswtt101000042"}}
{"logTime": "0622/095914", "correlationVector":"8wggvbgdErwJ2ojKX0UjE+.2","action":"ProcessGetUpdates", "result":"Done", "context":{"dataType":"Preferences", "deleted":"0", "process_failed_to_decrypt":"0", "process_pending_decryption":"0", "process_success":"24", "total":"24"}}
{"logTime": "0622/095914", "correlationVector":"8wggvbgdErwJ2ojKX0UjE+.3","action":"ProcessGetUpdates", "result":"Done", "context":{"dataType":"Device Info", "deleted":"0", "process_failed_to_decrypt":"0", "process_pending_decryption":"0", "process_success":"3", "total":"3"}}
{"logTime": "0622/095914", "correlationVector":"8wggvbgdErwJ2ojKX0UjE+.4","action":"GetUpdates Response", "result":"Success", "context":Received 27 update(s). cV=8wggvbgdErwJ2ojKX0UjE+.0;server=akswtt101000042;cloudType=Multitenant;environment=Prod_germanywestcentral_prod-s01-011-eur-germanywestcentral;migrationStage=NotStarted}
{"logTime": "0622/095914", "correlationVector":"kBU/b9Q+uvIgbL34ABFK4O","action":"Initial GetUpdates", "result":"", "context":Reason: NEW_CLIENT. cV=kBU/b9Q+uvIgbL34ABFK4O}
{"logTime": "0622/095914", "correlationVector":"kBU/b9Q+uvIgbL34ABFK4O.1","action":"SyncServerConnectionManagerRequest", "result":"SYNC_SERVER_OK", "context":{"environment":"Prod_francecentral_prod-s01-062-eur-francecentral", "migrationStage":"NotStarted", "server":"akswtt115000037"}}
{"logTime": "0622/095914", "correlationVector":"kBU/b9Q+uvIgbL34ABFK4O.2","action":"ProcessGetUpdates", "result":"Done", "context":{"dataType":"Bookmarks", "deleted":"0", "process_failed_to_decrypt":"0", "process_pending_decryption":"0", "process_success":"6", "total":"6"}}
{"logTime": "0622/095914", "correlationVector":"kBU/b9Q+uvIgbL34ABFK4O.3","action":"GetUpdates Response", "result":"Success", "context":Received 6 update(s). cV=kBU/b9Q+uvIgbL34ABFK4O.0;server=akswtt115000037;cloudType=Multitenant;environment=Prod_francecentral_prod-s01-062-eur-francecentral;migrationStage=NotStarted}
{"logTime": "0622/095914", "correlationVector":"LcC4RNh2YP+JQ0DiQPehz0","action":"Initial GetUpdates", "result":"", "context":Reason: NEW_CLIENT. cV=LcC4RNh2YP+JQ0DiQPehz0}
{"logTime": "0622/095914", "correlationVector":"LcC4RNh2YP+JQ0DiQPehz0.1","action":"SyncServerConnectionManagerRequest", "result":"SYNC_SERVER_OK", "context":{"environment":"Prod_francecentral_prod-s01-062-eur-francecentral", "migrationStage":"NotStarted", "server":"akswtt11500002r"}}
{"logTime": "0622/095914", "correlationVector":"LcC4RNh2YP+JQ0DiQPehz0.2","action":"ProcessGetUpdates", "result":"Done", "context":{"dataType":"Autofill", "deleted":"0", "process_failed_to_decrypt":"0", "process_pending_decryption":"0", "process_success":"1", "total":"1"}}
{"logTime": "0622/095914", "correlationVector":"LcC4RNh2YP+JQ0DiQPehz0.3","action":"ProcessGetUpdates", "result":"Done", "context":{"dataType":"Sessions", "deleted":"0", "process_failed_to_decrypt":"0", "process_pending_decryption":"0", "process_success":"6", "total":"6"}}
{"logTime": "0622/095914", "correlationVector":"LcC4RNh2YP+JQ0DiQPehz0.4","action":"GetUpdates Response", "result":"Success", "context":Received 7 update(s). cV=LcC4RNh2YP+JQ0DiQPehz0.0;server=akswtt11500002r;cloudType=Multitenant;environment=Prod_francecentral_prod-s01-062-eur-francecentral;migrationStage=NotStarted}
{"logTime": "0622/095914", "correlationVector":"xrsepj0ztPfTgPx4dJ9S2d","action":"Initial GetUpdates", "result":"", "context":Reason: NEW_CLIENT. cV=xrsepj0ztPfTgPx4dJ9S2d}
{"logTime": "0622/095915", "correlationVector":"xrsepj0ztPfTgPx4dJ9S2d.1","action":"SyncServerConnectionManagerRequest", "result":"SYNC_SERVER_OK", "context":{"environment":"Prod_francecentral_prod-s01-062-eur-francecentral", "migrationStage":"NotStarted", "server":"akswtt11500002g"}}
{"logTime": "0622/095915", "correlationVector":"xrsepj0ztPfTgPx4dJ9S2d.2","action":"ProcessGetUpdates", "result":"Done", "context":{"dataType":"History", "deleted":"0", "process_failed_to_decrypt":"0", "process_pending_decryption":"0", "process_success":"3", "total":"3"}}
{"logTime": "0622/095915", "correlationVector":"xrsepj0ztPfTgPx4dJ9S2d.3","action":"GetUpdates Response", "result":"Success", "context":Received 3 update(s). cV=xrsepj0ztPfTgPx4dJ9S2d.0;server=akswtt11500002g;cloudType=Multitenant;environment=Prod_francecentral_prod-s01-062-eur-francecentral;migrationStage=NotStarted}
{"logTime": "0622/095915", "correlationVector":"jETfoI0knqWc73r5BJr8gs","action":"Normal GetUpdate request", "result":"", "context":cV=jETfoI0knqWc73r5BJr8gs
Nudged types: Sessions, Device Info, User Consents
Refresh requested types: Bookmarks, Preferences, Passwords, Autofill Profiles, Autofill, Extensions, Sessions, Extension settings, History Delete Directives, Device Info, User Consents, Send Tab To Self, Web Apps, History, Saved Tab Group, WebAuthn Credentials, Edge E Drop, Edge Hub App Usage, Edge Wallet, Edge Workspace, Encryption Keys}
{"logTime": "0622/095915", "correlationVector":"jETfoI0knqWc73r5BJr8gs.1","action":"SyncServerConnectionManagerRequest", "result":"SYNC_SERVER_OK", "context":{"environment":"Prod_francecentral_prod-s01-062-eur-francecentral", "migrationStage":"NotStarted", "server":"akswtt11500002p"}}
{"logTime": "0622/095915", "correlationVector":"jETfoI0knqWc73r5BJr8gs.2","action":"GetUpdates Response", "result":"Success", "context":Received 0 update(s). cV=jETfoI0knqWc73r5BJr8gs.0;server=akswtt11500002p;cloudType=Multitenant;environment=Prod_francecentral_prod-s01-062-eur-francecentral;migrationStage=NotStarted}
{"logTime": "0622/095915", "correlationVector":"L5UW4F+HZ0ZMYu9QLofaDX","action":"DoCompareDataConsistency requsted types: ", "result":"Bookmarks, Preferences, Passwords, Extensions, Extension settings, History Delete Directives, Send Tab To Self, Web Apps, History, Saved Tab Group, WebAuthn Credentials, Edge E Drop, Edge Wallet, Edge Workspace, Encryption Keys"}
{"logTime": "0622/095915", "correlationVector":"L5UW4F+HZ0ZMYu9QLofaDX.0","action":"CompareDataConsistency result: ", "result":"Compare result: Encryption Keys is consistent. local entities count is: 1 local entities hash is: bjiWkpHpoLbBQ8rR57h0eO0dFBs="}
{"logTime": "0622/095915", "correlationVector":"L5UW4F+HZ0ZMYu9QLofaDX.1","action":"CompareDataConsistency result: ", "result":"Compare result: Bookmarks is consistent. local entities count is: 0 local entities hash is: "}
{"logTime": "0622/095915", "correlationVector":"L5UW4F+HZ0ZMYu9QLofaDX.2","action":"CompareDataConsistency result: ", "result":"Compare result: Preferences is consistent. local entities count is: 24 local entities hash is: YfFp35dwY521qC4ffo8OjCgMbNM="}
{"logTime": "0622/095915", "correlationVector":"L5UW4F+HZ0ZMYu9QLofaDX.3","action":"CompareDataConsistency result: ", "result":"Compare result: Passwords is consistent. local entities count is: 0 local entities hash is: "}
{"logTime": "0622/095915", "correlationVector":"L5UW4F+HZ0ZMYu9QLofaDX.4","action":"CompareDataConsistency result: ", "result":"Compare result: Extensions is consistent. local entities count is: 0 local entities hash is: "}
{"logTime": "0622/095915", "correlationVector":"L5UW4F+HZ0ZMYu9QLofaDX.5","action":"CompareDataConsistency result: ", "result":"Compare result: Extension settings is consistent. local entities count is: 0 local entities hash is: "}
{"logTime": "0622/095915", "correlationVector":"L5UW4F+HZ0ZMYu9QLofaDX.6","action":"CompareDataConsistency result: ", "result":"Compare result: History Delete Directives is consistent. local entities count is: 0 local entities hash is: "}
{"logTime": "0622/095915", "correlationVector":"L5UW4F+HZ0ZMYu9QLofaDX.7","action":"CompareDataConsistency result: ", "result":"Server did not send this Send Tab To Self local entities count is: 0 local entities hash is: "}
{"logTime": "0622/095915", "correlationVector":"L5UW4F+HZ0ZMYu9QLofaDX.8","action":"CompareDataConsistency result: ", "result":"Compare result: Web Apps is consistent. local entities count is: 0 local entities hash is: "}
{"logTime": "0622/095915", "correlationVector":"L5UW4F+HZ0ZMYu9QLofaDX.9","action":"CompareDataConsistency result: ", "result":"Server did not send this History local entities count is: 0 local entities hash is: "}
{"logTime": "0622/095915", "correlationVector":"L5UW4F+HZ0ZMYu9QLofaDX.10","action":"CompareDataConsistency result: ", "result":"Compare result: Saved Tab Group is consistent. local entities count is: 0 local entities hash is: "}
{"logTime": "0622/095915", "correlationVector":"L5UW4F+HZ0ZMYu9QLofaDX.11","action":"CompareDataConsistency result: ", "result":"Server did not send this WebAuthn Credentials local entities count is: 0 local entities hash is: "}
{"logTime": "0622/095915", "correlationVector":"L5UW4F+HZ0ZMYu9QLofaDX.12","action":"CompareDataConsistency result: ", "result":"Compare result: Edge E Drop is consistent. local entities count is: 0 local entities hash is: "}
{"logTime": "0622/095915", "correlationVector":"L5UW4F+HZ0ZMYu9QLofaDX.13","action":"CompareDataConsistency result: ", "result":"Compare result: Edge Wallet is consistent. local entities count is: 0 local entities hash is: "}
{"logTime": "0622/095915", "correlationVector":"L5UW4F+HZ0ZMYu9QLofaDX.14","action":"CompareDataConsistency result: ", "result":"Server did not send this Edge Workspace local entities count is: 0 local entities hash is: "}
{"logTime": "0622/095915", "correlationVector":"WjsNc/cFzGu6h3Lv++CS71","action":"Commit Request", "result":"", "context":Item count: 4
Contributing types: Sessions, Device Info, User Consents}
{"logTime": "0622/095915", "correlationVector":"WjsNc/cFzGu6h3Lv++CS71.1","action":"SyncServerConnectionManagerRequest", "result":"SYNC_SERVER_OK", "context":{"environment":"Prod_francecentral_prod-s01-062-eur-francecentral", "migrationStage":"NotStarted", "server":"akswtt11500002d"}}
{"logTime": "0622/095915", "correlationVector":"WjsNc/cFzGu6h3Lv++CS71.2","action":"Commit Response", "result":"Success", "context":Result: Success. cV=WjsNc/cFzGu6h3Lv++CS71.0;server=akswtt11500002d;cloudType=Multitenant;environment=Prod_francecentral_prod-s01-062-eur-francecentral;migrationStage=NotStarted}
{"logTime": "0622/095915", "correlationVector":"","action":"DIAGNOSTIC_REQUEST|v1/diagnosticData/Diagnostic.SendCheckResult()|SUCCESS", "result":""}
{"logTime": "0622/100730", "correlationVector":"yrMVMoXSpyKyBOswNcORxE.1","action":"SyncServerConnectionManagerRequest", "result":"SYNC_SERVER_OK", "context":{"environment":"Prod_westeurope_prod-s01-079-eur-westeurope", "migrationStage":"NotStarted", "server":"akswtt002000038"}}
{"logTime": "0622/100731", "correlationVector":"yrMVMoXSpyKyBOswNcORxE.2","action":"AAD.Mip.Unpack", "result":"Success", "context":MIP_CLOUD_COMMERCIAL:Success}
{"logTime": "0622/100731", "correlationVector":"yrMVMoXSpyKyBOswNcORxE.3","action":"EncryptionKeysManager::SetEncryptionKeys:", "result":"Success", "context":Key names[1]:[2w3pqzrOot9ZnjUJVuORH0d69S3Tsvx7MFHqkrfZ3L/GIepfZmOfpzVEUbnq11hkd5Sv57omvoRey3hfMy98tQ==]}
{"logTime": "0622/100731", "correlationVector":"yrMVMoXSpyKyBOswNcORxE.4","action":"AAD.GetKeyResponse", "result":"Success", "context":Keys=1.LastKeyStatus=Active. 2026-06-15 11:36:25 Z.State=None. Tags: Current_encryption_keys_tag = HO+/vUhc77+9ZHho77+977+977+9Mn3jv4Xvv71+Ghzrk5Hvv73vv73vv73vv71z77+9be+/ve+/vQ==, Updated_current_encryption_keys_tag = Empty. Emails: ["m486@elearning.uiemali.ac"]}
{"logTime": "0622/100731", "correlationVector":"yrMVMoXSpyKyBOswNcORxE.5","action":"ProcessGetUpdates", "result":"Done", "context":{"dataType":"Encryption Keys", "deleted":"0", "process_failed_to_decrypt":"0", "process_pending_decryption":"0", "process_success":"1", "total":"1"}}
{"logTime": "0622/100731", "correlationVector":"yrMVMoXSpyKyBOswNcORxE","action":"Initial GetUpdates", "result":"", "context":Reason: NEW_CLIENT. cV=yrMVMoXSpyKyBOswNcORxE}
{"logTime": "0622/100731", "correlationVector":"yrMVMoXSpyKyBOswNcORxE.6","action":"GetUpdates Response", "result":"Success", "context":Received 1 update(s). cV=yrMVMoXSpyKyBOswNcORxE.0;server=akswtt002000038;cloudType=Multitenant;environment=Prod_westeurope_prod-s01-079-eur-westeurope;migrationStage=NotStarted}
{"logTime": "0622/100731", "correlationVector":"s8WGgn9eSnLjujvu9DC3ER","action":"Normal GetUpdate request", "result":"", "context":cV=s8WGgn9eSnLjujvu9DC3ER
Nudged types: Sessions, History
Refresh requested types: Bookmarks, Preferences, Passwords, Autofill Profiles, Autofill, Extensions, Sessions, Extension settings, History Delete Directives, Device Info, User Consents, Send Tab To Self, Web Apps, History, Saved Tab Group, WebAuthn Credentials, Edge E Drop, Edge Hub App Usage, Edge Wallet, Edge Workspace, Encryption Keys}
{"logTime": "0622/100731", "correlationVector":"s8WGgn9eSnLjujvu9DC3ER.1","action":"SyncServerConnectionManagerRequest", "result":"SYNC_SERVER_OK", "context":{"environment":"Prod_francecentral_prod-s01-062-eur-francecentral", "migrationStage":"NotStarted", "server":"akswtt11500002b"}}
{"logTime": "0622/100731", "correlationVector":"s8WGgn9eSnLjujvu9DC3ER.2","action":"ProcessGetUpdates", "result":"Done", "context":{"dataType":"Sessions", "deleted":"0", "process_failed_to_decrypt":"0", "process_pending_decryption":"0", "process_success":"2", "total":"2"}}
{"logTime": "0622/100731", "correlationVector":"s8WGgn9eSnLjujvu9DC3ER.3","action":"ProcessGetUpdates", "result":"Done", "context":{"dataType":"Device Info", "deleted":"0", "process_failed_to_decrypt":"0", "process_pending_decryption":"0", "process_success":"1", "total":"1"}}
{"logTime": "0622/100731", "correlationVector":"s8WGgn9eSnLjujvu9DC3ER.4","action":"GetUpdates Response", "result":"Success", "context":Received 3 update(s). cV=s8WGgn9eSnLjujvu9DC3ER.0;server=akswtt11500002b;cloudType=Multitenant;environment=Prod_francecentral_prod-s01-062-eur-francecentral;migrationStage=NotStarted}
{"logTime": "0622/100731", "correlationVector":"tkUz8zuV0vcyVXoWKmxjsU","action":"Commit Request", "result":"", "context":Item count: 5
Contributing types: Sessions, History}
{"logTime": "0622/100732", "correlationVector":"tkUz8zuV0vcyVXoWKmxjsU.1","action":"SyncServerConnectionManagerRequest", "result":"SYNC_SERVER_OK", "context":{"environment":"Prod_westeurope_prod-s01-079-eur-westeurope", "migrationStage":"NotStarted", "server":"akswtt00200000m"}}
{"logTime": "0622/100732", "correlationVector":"tkUz8zuV0vcyVXoWKmxjsU.2","action":"Commit Response", "result":"Success", "context":Result: Success. cV=tkUz8zuV0vcyVXoWKmxjsU.0;server=akswtt00200000m;cloudType=Multitenant;environment=Prod_westeurope_prod-s01-079-eur-westeurope;migrationStage=NotStarted}
{"logTime": "0622/100832", "correlationVector":"J4hnbfCMQtW2xo+92gue5d","action":"Commit Request", "result":"", "context":Item count: 3
Contributing types: Sessions, History}
{"logTime": "0622/100833", "correlationVector":"J4hnbfCMQtW2xo+92gue5d.1","action":"SyncServerConnectionManagerRequest", "result":"SYNC_SERVER_OK", "context":{"environment":"Prod_francecentral_prod-s01-062-eur-francecentral", "migrationStage":"NotStarted", "server":"akswtt11500001o"}}
{"logTime": "0622/100833", "correlationVector":"J4hnbfCMQtW2xo+92gue5d.3","action":"Commit.Sessions", "result":"Success", "context":{"id":"f80f8937-1aa4-4322-babf-25f78e20f175", "isDeleted":"true", "size":"0", "version":"1782122849007"}}
{"logTime": "0622/100833", "correlationVector":"J4hnbfCMQtW2xo+92gue5d.2","action":"Commit Response", "result":"Success", "context":Result: Success. cV=J4hnbfCMQtW2xo+92gue5d.0;server=akswtt11500001o;cloudType=Multitenant;environment=Prod_francecentral_prod-s01-062-eur-francecentral;migrationStage=NotStarted}
{"logTime": "0622/100944", "correlationVector":"oW2zgU+MLGuDy/ajMzSg7Q","action":"Commit Request", "result":"", "context":Item count: 4
Contributing types: Preferences, Sessions, History}
{"logTime": "0622/100945", "correlationVector":"oW2zgU+MLGuDy/ajMzSg7Q.1","action":"SyncServerConnectionManagerRequest", "result":"SYNC_SERVER_OK", "context":{"environment":"Prod_francecentral_prod-s01-062-eur-francecentral", "migrationStage":"NotStarted", "server":"akswtt115000038"}}
{"logTime": "0622/100945", "correlationVector":"oW2zgU+MLGuDy/ajMzSg7Q.2","action":"Commit Response", "result":"Success", "context":Result: Success. cV=oW2zgU+MLGuDy/ajMzSg7Q.0;server=akswtt115000038;cloudType=Multitenant;environment=Prod_francecentral_prod-s01-062-eur-francecentral;migrationStage=NotStarted}
